[33mΓ¥»[39m Building...
ΓÅ│ App Initializer: Waiting for AuthService...
Γ£à App Initializer: AuthService ready - user: not logged in
ΓÅ│ App Initializer: Waiting for AuthService...
ΓÅ│ App Initializer: Waiting for AuthService...
ΓÅ│ App Initializer: Waiting for AuthService...
ΓÅ│ App Initializer: Waiting for AuthService...
Γ£à App Initializer: AuthService ready - user: not logged in
Γ£à App Initializer: AuthService ready - user: not logged in
Γ£à App Initializer: AuthService ready - user: not logged in
Γ£à App Initializer: AuthService ready - user: not logged in
ΓÅ│ App Initializer: Waiting for AuthService...
ΓÅ│ App Initializer: Waiting for AuthService...
ΓÅ│ App Initializer: Waiting for AuthService...
ΓÅ│ App Initializer: Waiting for AuthService...
Γ£à App Initializer: AuthService ready - user: not logged in
Γ£à App Initializer: AuthService ready - user: not logged in
Γ£à App Initializer: AuthService ready - user: not logged in
≡ƒöÉ AuthGuard activated - Starting check
≡ƒöì isLoggedIn: false
≡ƒöÉ Guard check - Details:
  currentUser: null
  currentUser?.email: undefined
  isLogged: false
  currentUser truthy?: false
  isLogged && currentUser?: false
Γ¥î Guard RESULT: DENY - creating redirect tree
Γ¥î Guard REDIRECTING TO: /login
Γ£à App Initializer: AuthService ready - user: not logged in
[32mΓ£ö[39m Building...
[35mBrowser bundles[39m     
[1mInitial chunk files[22m [2m | [22m[1mNames[22m           [2m | [22m [1mRaw size[22m[2m | [22m[1mEstimated transfer size[22m
[32mmain-WAS3CJ6Q.js[39m    [2m | [22m[2mmain[22m            [2m | [22m[36m422.46 kB[39m[2m | [22m              [36m104.81 kB[39m
[32mstyles-5INURTSO.css[39m [2m | [22m[2mstyles[22m          [2m | [22m  [36m0 bytes[39m[2m | [22m                [36m0 bytes[39m

[1m [22m                   [2m | [22m[1mInitial total[22m   [2m | [22m[1m422.46 kB[22m[2m | [22m              [1m104.81 kB[22m


[35mServer bundles[39m      
[1mInitial chunk files[22m [2m | [22m[1mNames[22m           [2m | [22m [1mRaw size[22m
[32mmain.server.mjs[39m     [2m | [22m[2mmain.server[22m     [2m | [22m[36m842.54 kB[39m[2m | [22m                       
[32mserver.mjs[39m          [2m | [22m[2mserver[22m          [2m | [22m[36m806.34 kB[39m[2m | [22m                       
[32mpolyfills.server.mjs[39m[2m | [22m[2mpolyfills.server[22m[2m | [22m[36m233.25 kB[39m[2m | [22m                       
[32mchunk-L2MVFUKD.mjs[39m  [2m | [22m[2m-[22m               [2m | [22m  [36m1.32 kB[39m[2m | [22m                       
[32mchunk-T55IDOPT.mjs[39m  [2m | [22m[2m-[22m               [2m | [22m[36m976 bytes[39m[2m | [22m                       

[1mLazy chunk files[22m    [2m | [22m[1mNames[22m           [2m | [22m [1mRaw size[22m
[32mchunk-RHDGF2TI.mjs[39m  [2m | [22m[2mxhr2[22m            [2m | [22m [36m12.14 kB[39m[2m | [22m                       
[32mchunk-N3SI5I4Q.mjs[39m  [2m | [22m[2mxhr2[22m            [2m | [22m [36m12.07 kB[39m[2m | [22m                       

[35mPrerendered 8 static routes.[39m
Application bundle generation failed. [8.701 seconds] - 2026-03-10T00:27:25.892Z

node.exe : [1m[33m[33mΓû▓ 
[43;33m[[43;30mWARNING[43;
33m][0m [1msrc/app/componen
ts/candidate-form/candidate-f
orm.css exceeded maximum 
budget. Budget 4.00 kB was 
not met by 853 bytes with a 
total of 4.85 kB.[0m
At C:\Program 
Files\nodejs\npx.ps1:29 
char:3
+   & $NODE_EXE $NPX_CLI_JS 
$args
+   
~~~~~~~~~~~~~~~~~~~~~~~~~~~~~
    + CategoryInfo           
   : NotSpecified: ([1m[3  
  3m[33mΓ...of 4.85 kB.[   
 0m:String) [], RemoteExc    
eption
    + FullyQualifiedErrorId  
   : NativeCommandError
 


[33mΓû▓ [43;33m[[43;30mWAR
NING[43;33m][0m [1msrc/app
/components/my-space/my-space
.css exceeded maximum 
budget. Budget 4.00 kB was 
not met by 5.21 kB with a 
total of 9.21 kB.[0m


[33mΓû▓ [43;33m[[43;30mWAR
NING[43;33m][0m [1msrc/app
/components/contact/contact.c
ss exceeded maximum budget. 
Budget 4.00 kB was not met 
by 1.07 kB with a total of 
5.07 kB.[0m

[39m[22m
[1m[31m[31mX [41;31m[[41
;97mERROR[41;31m][0m [1msr
c/app/components/my-space/my-
space.css exceeded maximum 
budget. Budget 8.00 kB was 
not met by 1.21 kB with a 
total of 9.21 kB.[0m

[39m[22m
